Traceback (most recent call last):
  File "/Users/artemchumak/Desktop/Code/sixminutes/agent.py", line 438, in <module>
    main()
  File "/Users/artemchumak/Desktop/Code/sixminutes/agent.py", line 434, in main
    patrol(speak=a.speak)
  File "/Users/artemchumak/Desktop/Code/sixminutes/agent.py", line 329, in patrol
    notables = d.filter(
               ^^^^^^^^^
  File "/Users/artemchumak/Desktop/Code/sixminutes/.venv/lib/python3.12/site-packages/polars/dataframe/frame.py", line 5521, in filter
    .collect(optimizations=QueryOptFlags._eager())
     ^^^^^^^^^^^^^^^^^^^^^^^^^^^^^^^^^^^^^^^^^^^^^
  File "/Users/artemchumak/Desktop/Code/sixminutes/.venv/lib/python3.12/site-packages/polars/_utils/deprecation.py", line 97, in wrapper
    return function(*args, **kwargs)
           ^^^^^^^^^^^^^^^^^^^^^^^^^
  File "/Users/artemchumak/Desktop/Code/sixminutes/.venv/lib/python3.12/site-packages/polars/lazyframe/opt_flags.py", line 343, in wrapper
    return function(*args, **kwargs)
           ^^^^^^^^^^^^^^^^^^^^^^^^^
  File "/Users/artemchumak/Desktop/Code/sixminutes/.venv/lib/python3.12/site-packages/polars/lazyframe/frame.py", line 2630, in collect
    return wrap_df(ldf.collect(engine, callback))
                   ^^^^^^^^^^^^^^^^^^^^^^^^^^^^^
polars.exceptions.ColumnNotFoundError: unable to find column "NumCalls"; valid columns: ["IncidentNumber", "DateOfCall", "CalYear", "HourOfCall", "IncidentGroup", "StopCodeDescription", "PropertyCategory", "IncGeo_BoroughName", "IncGeo_WardName", "Easting_rounded", "Northing_rounded", "IncidentStationGround", "FirstPumpArriving_AttendanceTime", "FirstPumpArriving_DeployedFromStation", "SecondPumpArriving_AttendanceTime", "SecondPumpArriving_DeployedFromStation", "NumPumpsAttending", "PumpMinutesRounded"]
Sat  6 Jun 2026 18:11:19 UTC patrol exited rc=0 — restart in 5s
Traceback (most recent call last):
  File "/Users/artemchumak/Desktop/Code/sixminutes/agent.py", line 438, in <module>
    main()
  File "/Users/artemchumak/Desktop/Code/sixminutes/agent.py", line 434, in main
    patrol(speak=a.speak)
  File "/Users/artemchumak/Desktop/Code/sixminutes/agent.py", line 329, in patrol
    notables = d.filter(
               ^^^^^^^^^
  File "/Users/artemchumak/Desktop/Code/sixminutes/.venv/lib/python3.12/site-packages/polars/dataframe/frame.py", line 5521, in filter
    .collect(optimizations=QueryOptFlags._eager())
     ^^^^^^^^^^^^^^^^^^^^^^^^^^^^^^^^^^^^^^^^^^^^^
  File "/Users/artemchumak/Desktop/Code/sixminutes/.venv/lib/python3.12/site-packages/polars/_utils/deprecation.py", line 97, in wrapper
    return function(*args, **kwargs)
           ^^^^^^^^^^^^^^^^^^^^^^^^^
  File "/Users/artemchumak/Desktop/Code/sixminutes/.venv/lib/python3.12/site-packages/polars/lazyframe/opt_flags.py", line 343, in wrapper
    return function(*args, **kwargs)
           ^^^^^^^^^^^^^^^^^^^^^^^^^
  File "/Users/artemchumak/Desktop/Code/sixminutes/.venv/lib/python3.12/site-packages/polars/lazyframe/frame.py", line 2630, in collect
    return wrap_df(ldf.collect(engine, callback))
                   ^^^^^^^^^^^^^^^^^^^^^^^^^^^^^
polars.exceptions.ColumnNotFoundError: unable to find column "NumCalls"; valid columns: ["IncidentNumber", "DateOfCall", "CalYear", "HourOfCall", "IncidentGroup", "StopCodeDescription", "PropertyCategory", "IncGeo_BoroughName", "IncGeo_WardName", "Easting_rounded", "Northing_rounded", "IncidentStationGround", "FirstPumpArriving_AttendanceTime", "FirstPumpArriving_DeployedFromStation", "SecondPumpArriving_AttendanceTime", "SecondPumpArriving_DeployedFromStation", "NumPumpsAttending", "PumpMinutesRounded"]
Sat  6 Jun 2026 18:11:25 UTC patrol exited rc=0 — restart in 5s
Traceback (most recent call last):
  File "/Users/artemchumak/Desktop/Code/sixminutes/agent.py", line 438, in <module>
    main()
  File "/Users/artemchumak/Desktop/Code/sixminutes/agent.py", line 434, in main
    patrol(speak=a.speak)
  File "/Users/artemchumak/Desktop/Code/sixminutes/agent.py", line 329, in patrol
    notables = d.filter(
               ^^^^^^^^^
  File "/Users/artemchumak/Desktop/Code/sixminutes/.venv/lib/python3.12/site-packages/polars/dataframe/frame.py", line 5521, in filter
    .collect(optimizations=QueryOptFlags._eager())
     ^^^^^^^^^^^^^^^^^^^^^^^^^^^^^^^^^^^^^^^^^^^^^
  File "/Users/artemchumak/Desktop/Code/sixminutes/.venv/lib/python3.12/site-packages/polars/_utils/deprecation.py", line 97, in wrapper
    return function(*args, **kwargs)
           ^^^^^^^^^^^^^^^^^^^^^^^^^
  File "/Users/artemchumak/Desktop/Code/sixminutes/.venv/lib/python3.12/site-packages/polars/lazyframe/opt_flags.py", line 343, in wrapper
    return function(*args, **kwargs)
           ^^^^^^^^^^^^^^^^^^^^^^^^^
  File "/Users/artemchumak/Desktop/Code/sixminutes/.venv/lib/python3.12/site-packages/polars/lazyframe/frame.py", line 2630, in collect
    return wrap_df(ldf.collect(engine, callback))
                   ^^^^^^^^^^^^^^^^^^^^^^^^^^^^^
polars.exceptions.ColumnNotFoundError: unable to find column "NumCalls"; valid columns: ["IncidentNumber", "DateOfCall", "CalYear", "HourOfCall", "IncidentGroup", "StopCodeDescription", "PropertyCategory", "IncGeo_BoroughName", "IncGeo_WardName", "Easting_rounded", "Northing_rounded", "IncidentStationGround", "FirstPumpArriving_AttendanceTime", "FirstPumpArriving_DeployedFromStation", "SecondPumpArriving_AttendanceTime", "SecondPumpArriving_DeployedFromStation", "NumPumpsAttending", "PumpMinutesRounded"]
Sat  6 Jun 2026 18:11:31 UTC patrol exited rc=0 — restart in 5s
Traceback (most recent call last):
  File "/Users/artemchumak/Desktop/Code/sixminutes/agent.py", line 438, in <module>
    main()
  File "/Users/artemchumak/Desktop/Code/sixminutes/agent.py", line 434, in main
    patrol(speak=a.speak)
  File "/Users/artemchumak/Desktop/Code/sixminutes/agent.py", line 329, in patrol
    notables = d.filter(
               ^^^^^^^^^
  File "/Users/artemchumak/Desktop/Code/sixminutes/.venv/lib/python3.12/site-packages/polars/dataframe/frame.py", line 5521, in filter
    .collect(optimizations=QueryOptFlags._eager())
     ^^^^^^^^^^^^^^^^^^^^^^^^^^^^^^^^^^^^^^^^^^^^^
  File "/Users/artemchumak/Desktop/Code/sixminutes/.venv/lib/python3.12/site-packages/polars/_utils/deprecation.py", line 97, in wrapper
    return function(*args, **kwargs)
           ^^^^^^^^^^^^^^^^^^^^^^^^^
  File "/Users/artemchumak/Desktop/Code/sixminutes/.venv/lib/python3.12/site-packages/polars/lazyframe/opt_flags.py", line 343, in wrapper
    return function(*args, **kwargs)
           ^^^^^^^^^^^^^^^^^^^^^^^^^
  File "/Users/artemchumak/Desktop/Code/sixminutes/.venv/lib/python3.12/site-packages/polars/lazyframe/frame.py", line 2630, in collect
    return wrap_df(ldf.collect(engine, callback))
                   ^^^^^^^^^^^^^^^^^^^^^^^^^^^^^
polars.exceptions.ColumnNotFoundError: unable to find column "NumCalls"; valid columns: ["IncidentNumber", "DateOfCall", "CalYear", "HourOfCall", "IncidentGroup", "StopCodeDescription", "PropertyCategory", "IncGeo_BoroughName", "IncGeo_WardName", "Easting_rounded", "Northing_rounded", "IncidentStationGround", "FirstPumpArriving_AttendanceTime", "FirstPumpArriving_DeployedFromStation", "SecondPumpArriving_AttendanceTime", "SecondPumpArriving_DeployedFromStation", "NumPumpsAttending", "PumpMinutesRounded"]
Sat  6 Jun 2026 18:11:36 UTC patrol exited rc=0 — restart in 5s
Traceback (most recent call last):
  File "/Users/artemchumak/Desktop/Code/sixminutes/agent.py", line 438, in <module>
    main()
  File "/Users/artemchumak/Desktop/Code/sixminutes/agent.py", line 434, in main
    patrol(speak=a.speak)
  File "/Users/artemchumak/Desktop/Code/sixminutes/agent.py", line 329, in patrol
    notables = d.filter(
               ^^^^^^^^^
  File "/Users/artemchumak/Desktop/Code/sixminutes/.venv/lib/python3.12/site-packages/polars/dataframe/frame.py", line 5521, in filter
    .collect(optimizations=QueryOptFlags._eager())
     ^^^^^^^^^^^^^^^^^^^^^^^^^^^^^^^^^^^^^^^^^^^^^
  File "/Users/artemchumak/Desktop/Code/sixminutes/.venv/lib/python3.12/site-packages/polars/_utils/deprecation.py", line 97, in wrapper
    return function(*args, **kwargs)
           ^^^^^^^^^^^^^^^^^^^^^^^^^
  File "/Users/artemchumak/Desktop/Code/sixminutes/.venv/lib/python3.12/site-packages/polars/lazyframe/opt_flags.py", line 343, in wrapper
    return function(*args, **kwargs)
           ^^^^^^^^^^^^^^^^^^^^^^^^^
  File "/Users/artemchumak/Desktop/Code/sixminutes/.venv/lib/python3.12/site-packages/polars/lazyframe/frame.py", line 2630, in collect
    return wrap_df(ldf.collect(engine, callback))
                   ^^^^^^^^^^^^^^^^^^^^^^^^^^^^^
polars.exceptions.ColumnNotFoundError: unable to find column "NumCalls"; valid columns: ["IncidentNumber", "DateOfCall", "CalYear", "HourOfCall", "IncidentGroup", "StopCodeDescription", "PropertyCategory", "IncGeo_BoroughName", "IncGeo_WardName", "Easting_rounded", "Northing_rounded", "IncidentStationGround", "FirstPumpArriving_AttendanceTime", "FirstPumpArriving_DeployedFromStation", "SecondPumpArriving_AttendanceTime", "SecondPumpArriving_DeployedFromStation", "NumPumpsAttending", "PumpMinutesRounded"]
Sat  6 Jun 2026 18:11:42 UTC patrol exited rc=0 — restart in 5s
Traceback (most recent call last):
  File "/Users/artemchumak/Desktop/Code/sixminutes/agent.py", line 438, in <module>
    main()
  File "/Users/artemchumak/Desktop/Code/sixminutes/agent.py", line 434, in main
    patrol(speak=a.speak)
  File "/Users/artemchumak/Desktop/Code/sixminutes/agent.py", line 329, in patrol
    notables = d.filter(
               ^^^^^^^^^
  File "/Users/artemchumak/Desktop/Code/sixminutes/.venv/lib/python3.12/site-packages/polars/dataframe/frame.py", line 5521, in filter
    .collect(optimizations=QueryOptFlags._eager())
     ^^^^^^^^^^^^^^^^^^^^^^^^^^^^^^^^^^^^^^^^^^^^^
  File "/Users/artemchumak/Desktop/Code/sixminutes/.venv/lib/python3.12/site-packages/polars/_utils/deprecation.py", line 97, in wrapper
    return function(*args, **kwargs)
           ^^^^^^^^^^^^^^^^^^^^^^^^^
  File "/Users/artemchumak/Desktop/Code/sixminutes/.venv/lib/python3.12/site-packages/polars/lazyframe/opt_flags.py", line 343, in wrapper
    return function(*args, **kwargs)
           ^^^^^^^^^^^^^^^^^^^^^^^^^
  File "/Users/artemchumak/Desktop/Code/sixminutes/.venv/lib/python3.12/site-packages/polars/lazyframe/frame.py", line 2630, in collect
    return wrap_df(ldf.collect(engine, callback))
                   ^^^^^^^^^^^^^^^^^^^^^^^^^^^^^
polars.exceptions.ColumnNotFoundError: unable to find column "NumCalls"; valid columns: ["IncidentNumber", "DateOfCall", "CalYear", "HourOfCall", "IncidentGroup", "StopCodeDescription", "PropertyCategory", "IncGeo_BoroughName", "IncGeo_WardName", "Easting_rounded", "Northing_rounded", "IncidentStationGround", "FirstPumpArriving_AttendanceTime", "FirstPumpArriving_DeployedFromStation", "SecondPumpArriving_AttendanceTime", "SecondPumpArriving_DeployedFromStation", "NumPumpsAttending", "PumpMinutesRounded"]
Sat  6 Jun 2026 18:11:48 UTC patrol exited rc=0 — restart in 5s
Traceback (most recent call last):
  File "/Users/artemchumak/Desktop/Code/sixminutes/agent.py", line 438, in <module>
    main()
  File "/Users/artemchumak/Desktop/Code/sixminutes/agent.py", line 434, in main
    patrol(speak=a.speak)
  File "/Users/artemchumak/Desktop/Code/sixminutes/agent.py", line 329, in patrol
    notables = d.filter(
               ^^^^^^^^^
  File "/Users/artemchumak/Desktop/Code/sixminutes/.venv/lib/python3.12/site-packages/polars/dataframe/frame.py", line 5521, in filter
    .collect(optimizations=QueryOptFlags._eager())
     ^^^^^^^^^^^^^^^^^^^^^^^^^^^^^^^^^^^^^^^^^^^^^
  File "/Users/artemchumak/Desktop/Code/sixminutes/.venv/lib/python3.12/site-packages/polars/_utils/deprecation.py", line 97, in wrapper
    return function(*args, **kwargs)
           ^^^^^^^^^^^^^^^^^^^^^^^^^
  File "/Users/artemchumak/Desktop/Code/sixminutes/.venv/lib/python3.12/site-packages/polars/lazyframe/opt_flags.py", line 343, in wrapper
    return function(*args, **kwargs)
           ^^^^^^^^^^^^^^^^^^^^^^^^^
  File "/Users/artemchumak/Desktop/Code/sixminutes/.venv/lib/python3.12/site-packages/polars/lazyframe/frame.py", line 2630, in collect
    return wrap_df(ldf.collect(engine, callback))
                   ^^^^^^^^^^^^^^^^^^^^^^^^^^^^^
polars.exceptions.ColumnNotFoundError: unable to find column "NumCalls"; valid columns: ["IncidentNumber", "DateOfCall", "CalYear", "HourOfCall", "IncidentGroup", "StopCodeDescription", "PropertyCategory", "IncGeo_BoroughName", "IncGeo_WardName", "Easting_rounded", "Northing_rounded", "IncidentStationGround", "FirstPumpArriving_AttendanceTime", "FirstPumpArriving_DeployedFromStation", "SecondPumpArriving_AttendanceTime", "SecondPumpArriving_DeployedFromStation", "NumPumpsAttending", "PumpMinutesRounded"]
Sat  6 Jun 2026 18:11:53 UTC patrol exited rc=0 — restart in 5s
